// Jest Snapshot v1, https://goo.gl/fbAQLP

exports[`renders default correctly 1`] = `
<div
  className="home-container"
>
  <h1>
    Gihub Battle: Battle your friends:
  </h1>
  <a
    className="button"
    href="/battle"
    onClick={[Function]}
  >
    Battle
  </a>
</div>
`;
