// Jest Snapshot v1, https://goo.gl/fbAQLP

exports[`renders default correctly 1`] = `
<ul
  className="nav"
>
  <li>
    <a
      aria-current="page"
      className="active"
      href="/"
      onClick={[Function]}
      style={Object {}}
    >
      Home
    </a>
  </li>
  <li>
    <a
      aria-current={null}
      className={undefined}
      href="/battle"
      onClick={[Function]}
      style={undefined}
    >
      Battle
    </a>
  </li>
  <li>
    <a
      aria-current={null}
      className={undefined}
      href="/popular"
      onClick={[Function]}
      style={undefined}
    >
      Popular
    </a>
  </li>
</ul>
`;
